// Jest Snapshot v1, https://goo.gl/fbAQLP

exports[`renders learn react link 1`] = `
Object {
  "asFragment": [Function],
  "baseElement": <body>
    <div>
      <div
        class="grid grid-cols-3 gap-4"
      >
        <div
          class="relative"
        >
          <input
            class="input border border-gray-400 appearance-none rounded w-full px-3 py-3 pt-5 pb-2 focus focus:border-indigo-600 focus:outline-none active:outline-none active:border-indigo-600"
            id="username"
            name="username"
          />
          <label
            class="label absolute mb-0 -mt-2 pt-4 pl-3 leading-tighter text-gray-400 text-base cursor-text"
            for="username"
          >
            Email
          </label>
        </div>
      </div>
    </div>
  </body>,
  "container": <div>
    <div
      class="grid grid-cols-3 gap-4"
    >
      <div
        class="relative"
      >
        <input
          class="input border border-gray-400 appearance-none rounded w-full px-3 py-3 pt-5 pb-2 focus focus:border-indigo-600 focus:outline-none active:outline-none active:border-indigo-600"
          id="username"
          name="username"
        />
        <label
          class="label absolute mb-0 -mt-2 pt-4 pl-3 leading-tighter text-gray-400 text-base cursor-text"
          for="username"
        >
          Email
        </label>
      </div>
    </div>
  </div>,
  "debug": [Function],
  "findAllByAltText": [Function],
  "findAllByDisplayValue": [Function],
  "findAllByLabelText": [Function],
  "findAllByPlaceholderText": [Function],
  "findAllByRole": [Function],
  "findAllByTestId": [Function],
  "findAllByText": [Function],
  "findAllByTitle": [Function],
  "findByAltText": [Function],
  "findByDisplayValue": [Function],
  "findByLabelText": [Function],
  "findByPlaceholderText": [Function],
  "findByRole": [Function],
  "findByTestId": [Function],
  "findByText": [Function],
  "findByTitle": [Function],
  "getAllByAltText": [Function],
  "getAllByDisplayValue": [Function],
  "getAllByLabelText": [Function],
  "getAllByPlaceholderText": [Function],
  "getAllByRole": [Function],
  "getAllByTestId": [Function],
  "getAllByText": [Function],
  "getAllByTitle": [Function],
  "getByAltText": [Function],
  "getByDisplayValue": [Function],
  "getByLabelText": [Function],
  "getByPlaceholderText": [Function],
  "getByRole": [Function],
  "getByTestId": [Function],
  "getByText": [Function],
  "getByTitle": [Function],
  "queryAllByAltText": [Function],
  "queryAllByDisplayValue": [Function],
  "queryAllByLabelText": [Function],
  "queryAllByPlaceholderText": [Function],
  "queryAllByRole": [Function],
  "queryAllByTestId": [Function],
  "queryAllByText": [Function],
  "queryAllByTitle": [Function],
  "queryByAltText": [Function],
  "queryByDisplayValue": [Function],
  "queryByLabelText": [Function],
  "queryByPlaceholderText": [Function],
  "queryByRole": [Function],
  "queryByTestId": [Function],
  "queryByText": [Function],
  "queryByTitle": [Function],
  "rerender": [Function],
  "unmount": [Function],
}
`;
